---
source: crates/backyard-nodes/src/builder.rs
expression: node
snapshot_kind: text
---
node_type: program
children:
  - node_type: assignment
    left:
      node_type: variable
      name:
        node_type: identifier
        name:
          - 97
        loc: ~
        leadings: ~
        trailings: ~
      loc: ~
      leadings: ~
      trailings: ~
    operator: Default
    right:
      node_type: number
      value:
        - 50
        - 49
      loc: ~
      leadings: ~
      trailings: ~
    loc: ~
    leadings: ~
    trailings: ~
loc: ~
leadings: ~
trailings: ~
