---
source: crates/backyard-lexer/tests/comment.rs
expression: tokens
snapshot_kind: text
---
- token_type: CommentDocOpen
  value:
    - 47
    - 42
    - 42
  line: 1
  column: 0
  offset: 0
- token_type: DocTagParam
  value:
    - 64
    - 112
    - 97
    - 114
    - 97
    - 109
  line: 1
  column: 4
  offset: 4
- token_type: QuestionMark
  value:
    - 63
  line: 1
  column: 11
  offset: 11
- token_type: UnqualifiedName
  value:
    - 70
    - 111
    - 111
  line: 1
  column: 12
  offset: 12
- token_type: LeftAngleBracket
  value:
    - 60
  line: 1
  column: 15
  offset: 15
- token_type: UnqualifiedName
  value:
    - 66
    - 97
    - 114
  line: 1
  column: 16
  offset: 16
- token_type: RightAngleBracket
  value:
    - 62
  line: 1
  column: 19
  offset: 19
- token_type: Variable
  value:
    - 36
    - 102
    - 111
    - 111
  line: 1
  column: 21
  offset: 21
- token_type: CommentDocClose
  value:
    - 42
    - 47
  line: 1
  column: 26
  offset: 26
