---
source: crates/backyard-lexer/tests/comment.rs
assertion_line: 421
expression: tokens
snapshot_kind: text
---
- token_type: CommentDocOpen
  value:
    - 47
    - 42
    - 42
  line: 1
  column: 0
  offset: 0
- token_type: DocUnknown
  value:
    - 69
    - 120
    - 97
    - 109
    - 112
    - 108
    - 101
  line: 2
  column: 3
  offset: 7
- token_type: DocUnknown
  value:
    - 111
    - 102
  line: 2
  column: 11
  offset: 15
- token_type: DocUnknown
  value:
    - 97
  line: 2
  column: 14
  offset: 18
- token_type: DocUnknown
  value:
    - 99
    - 111
    - 109
    - 112
    - 114
    - 101
    - 104
    - 101
    - 110
    - 115
    - 105
    - 118
    - 101
  line: 2
  column: 16
  offset: 20
- token_type: DocUnknown
  value:
    - 80
    - 72
    - 80
    - 68
    - 111
    - 99
  line: 2
  column: 30
  offset: 34
- token_type: DocUnknown
  value:
    - 119
    - 105
    - 116
    - 104
  line: 2
  column: 37
  offset: 41
- token_type: DocUnknown
  value:
    - 97
    - 108
    - 108
  line: 2
  column: 42
  offset: 46
- token_type: DocUnknown
  value:
    - 116
    - 97
    - 103
    - 115
    - 46
  line: 2
  column: 46
  offset: 50
- token_type: DocTagParam
  value:
    - 64
    - 112
    - 97
    - 114
    - 97
    - 109
  line: 4
  column: 3
  offset: 63
- token_type: Type
  value:
    - 115
    - 116
    - 114
    - 105
    - 110
    - 103
  line: 4
  column: 10
  offset: 70
- token_type: Variable
  value:
    - 36
    - 110
    - 97
    - 109
    - 101
  line: 4
  column: 17
  offset: 77
- token_type: DocUnknown
  value:
    - 85
    - 115
    - 101
    - 114
  line: 4
  column: 23
  offset: 83
- token_type: DocUnknown
  value:
    - 110
    - 97
    - 109
    - 101
    - 46
  line: 4
  column: 28
  offset: 88
- token_type: DocTagPhpstanParam
  value:
    - 64
    - 112
    - 104
    - 112
    - 115
    - 116
    - 97
    - 110
    - 45
    - 112
    - 97
    - 114
    - 97
    - 109
  line: 5
  column: 3
  offset: 97
- token_type: UnqualifiedName
  value:
    - 110
    - 111
    - 110
  line: 5
  column: 18
  offset: 112
- token_type: DocUnknown
  value:
    - 101
    - 109
    - 112
    - 116
    - 121
    - 45
    - 115
    - 116
    - 114
    - 105
    - 110
    - 103
  line: 5
  column: 22
  offset: 116
- token_type: Variable
  value:
    - 36
    - 110
    - 97
    - 109
    - 101
  line: 5
  column: 35
  offset: 129
- token_type: DocTagPsalmParam
  value:
    - 64
    - 112
    - 115
    - 97
    - 108
    - 109
    - 45
    - 112
    - 97
    - 114
    - 97
    - 109
  line: 6
  column: 3
  offset: 138
- token_type: UnqualifiedName
  value:
    - 110
    - 111
    - 110
  line: 6
  column: 16
  offset: 151
- token_type: DocUnknown
  value:
    - 101
    - 109
    - 112
    - 116
    - 121
    - 45
    - 115
    - 116
    - 114
    - 105
    - 110
    - 103
  line: 6
  column: 20
  offset: 155
- token_type: Variable
  value:
    - 36
    - 110
    - 97
    - 109
    - 101
  line: 6
  column: 33
  offset: 168
- token_type: DocTagPhanParam
  value:
    - 64
    - 112
    - 104
    - 97
    - 110
    - 45
    - 112
    - 97
    - 114
    - 97
    - 109
  line: 7
  column: 3
  offset: 177
- token_type: Type
  value:
    - 115
    - 116
    - 114
    - 105
    - 110
    - 103
  line: 7
  column: 15
  offset: 189
- token_type: Variable
  value:
    - 36
    - 110
    - 97
    - 109
    - 101
  line: 7
  column: 22
  offset: 196
- token_type: DocTagParamImmediatelyInvokedCallable
  value:
    - 64
    - 112
    - 97
    - 114
    - 97
    - 109
    - 45
    - 105
    - 109
    - 109
    - 101
    - 100
    - 105
    - 97
    - 116
    - 101
    - 108
    - 121
    - 45
    - 105
    - 110
    - 118
    - 111
    - 107
    - 101
    - 100
    - 45
    - 99
    - 97
    - 108
    - 108
    - 97
    - 98
    - 108
    - 101
  line: 9
  column: 3
  offset: 209
- token_type: DocUnknown
  value:
    - 99
    - 97
    - 108
    - 108
    - 97
    - 98
    - 108
    - 101
  line: 9
  column: 39
  offset: 245
- token_type: Variable
  value:
    - 36
    - 99
    - 97
    - 108
    - 108
    - 98
    - 97
    - 99
    - 107
  line: 9
  column: 48
  offset: 254
- token_type: DocTagPhpstanParamImmediatelyInvokedCallable
  value:
    - 64
    - 112
    - 104
    - 112
    - 115
    - 116
    - 97
    - 110
    - 45
    - 112
    - 97
    - 114
    - 97
    - 109
    - 45
    - 105
    - 109
    - 109
    - 101
    - 100
    - 105
    - 97
    - 116
    - 101
    - 108
    - 121
    - 45
    - 105
    - 110
    - 118
    - 111
    - 107
    - 101
    - 100
    - 45
    - 99
    - 97
    - 108
    - 108
    - 97
    - 98
    - 108
    - 101
  line: 10
  column: 3
  offset: 267
- token_type: DocUnknown
  value:
    - 99
    - 97
    - 108
    - 108
    - 97
    - 98
    - 108
    - 101
    - 40
    - 41
    - 58
    - 118
    - 111
    - 105
    - 100
  line: 10
  column: 47
  offset: 311
- token_type: Variable
  value:
    - 36
    - 99
    - 97
    - 108
    - 108
    - 98
    - 97
    - 99
    - 107
  line: 10
  column: 63
  offset: 327
- token_type: DocTagParamLaterInvokedCallable
  value:
    - 64
    - 112
    - 97
    - 114
    - 97
    - 109
    - 45
    - 108
    - 97
    - 116
    - 101
    - 114
    - 45
    - 105
    - 110
    - 118
    - 111
    - 107
    - 101
    - 100
    - 45
    - 99
    - 97
    - 108
    - 108
    - 97
    - 98
    - 108
    - 101
  line: 12
  column: 3
  offset: 344
- token_type: DocUnknown
  value:
    - 99
    - 97
    - 108
    - 108
    - 97
    - 98
    - 108
    - 101
  line: 12
  column: 33
  offset: 374
- token_type: Variable
  value:
    - 36
    - 108
    - 97
    - 122
    - 121
    - 67
    - 97
    - 108
    - 108
    - 98
    - 97
    - 99
    - 107
  line: 12
  column: 42
  offset: 383
- token_type: DocTagPhpstanParamLaterInvokedCallable
  value:
    - 64
    - 112
    - 104
    - 112
    - 115
    - 116
    - 97
    - 110
    - 45
    - 112
    - 97
    - 114
    - 97
    - 109
    - 45
    - 108
    - 97
    - 116
    - 101
    - 114
    - 45
    - 105
    - 110
    - 118
    - 111
    - 107
    - 101
    - 100
    - 45
    - 99
    - 97
    - 108
    - 108
    - 97
    - 98
    - 108
    - 101
  line: 13
  column: 3
  offset: 400
- token_type: DocUnknown
  value:
    - 99
    - 97
    - 108
    - 108
    - 97
    - 98
    - 108
    - 101
    - 40
    - 105
    - 110
    - 116
    - 41
    - 58
    - 115
    - 116
    - 114
    - 105
    - 110
    - 103
  line: 13
  column: 41
  offset: 438
- token_type: Variable
  value:
    - 36
    - 108
    - 97
    - 122
    - 121
    - 67
    - 97
    - 108
    - 108
    - 98
    - 97
    - 99
    - 107
  line: 13
  column: 62
  offset: 459
- token_type: DocTagParamClosureThis
  value:
    - 64
    - 112
    - 97
    - 114
    - 97
    - 109
    - 45
    - 99
    - 108
    - 111
    - 115
    - 117
    - 114
    - 101
    - 45
    - 116
    - 104
    - 105
    - 115
  line: 15
  column: 3
  offset: 480
- token_type: Type
  value:
    - 111
    - 98
    - 106
    - 101
    - 99
    - 116
  line: 15
  column: 23
  offset: 500
- token_type: Variable
  value:
    - 36
    - 116
    - 104
    - 105
    - 115
    - 79
    - 98
    - 106
    - 101
    - 99
    - 116
  line: 15
  column: 30
  offset: 507
- token_type: DocTagPhpstanParamClosureThis
  value:
    - 64
    - 112
    - 104
    - 112
    - 115
    - 116
    - 97
    - 110
    - 45
    - 112
    - 97
    - 114
    - 97
    - 109
    - 45
    - 99
    - 108
    - 111
    - 115
    - 117
    - 114
    - 101
    - 45
    - 116
    - 104
    - 105
    - 115
  line: 16
  column: 3
  offset: 522
- token_type: UnqualifiedName
  value:
    - 115
    - 101
    - 108
    - 102
  line: 16
  column: 31
  offset: 550
- token_type: Variable
  value:
    - 36
    - 116
    - 104
    - 105
    - 115
    - 79
    - 98
    - 106
    - 101
    - 99
    - 116
  line: 16
  column: 36
  offset: 555
- token_type: DocTagPureUnlessCallableIsImpure
  value:
    - 64
    - 112
    - 117
    - 114
    - 101
    - 45
    - 117
    - 110
    - 108
    - 101
    - 115
    - 115
    - 45
    - 99
    - 97
    - 108
    - 108
    - 97
    - 98
    - 108
    - 101
    - 45
    - 105
    - 115
    - 45
    - 105
    - 109
    - 112
    - 117
    - 114
    - 101
  line: 18
  column: 3
  offset: 574
- token_type: DocTagPhpstanPureUnlessCallableIsImpure
  value:
    - 64
    - 112
    - 104
    - 112
    - 115
    - 116
    - 97
    - 110
    - 45
    - 112
    - 117
    - 114
    - 101
    - 45
    - 117
    - 110
    - 108
    - 101
    - 115
    - 115
    - 45
    - 99
    - 97
    - 108
    - 108
    - 97
    - 98
    - 108
    - 101
    - 45
    - 105
    - 115
    - 45
    - 105
    - 109
    - 112
    - 117
    - 114
    - 101
  line: 19
  column: 3
  offset: 609
- token_type: DocTagVar
  value:
    - 64
    - 118
    - 97
    - 114
  line: 21
  column: 3
  offset: 656
- token_type: Type
  value:
    - 105
    - 110
    - 116
  line: 21
  column: 8
  offset: 661
- token_type: DocUnknown
  value:
    - 112
    - 104
    - 112
    - 115
    - 116
    - 97
    - 110
    - 45
    - 118
    - 97
    - 114
  line: 22
  column: 4
  offset: 669
- token_type: DocUnknown
  value:
    - 112
    - 111
    - 115
    - 105
    - 116
    - 105
    - 118
    - 101
    - 45
    - 105
    - 110
    - 116
  line: 22
  column: 16
  offset: 681
- token_type: DocTagPsalmVar
  value:
    - 64
    - 112
    - 115
    - 97
    - 108
    - 109
    - 45
    - 118
    - 97
    - 114
  line: 23
  column: 3
  offset: 697
- token_type: UnqualifiedName
  value:
    - 112
    - 111
    - 115
    - 105
    - 116
    - 105
    - 118
    - 101
  line: 23
  column: 14
  offset: 708
- token_type: DocUnknown
  value:
    - 105
    - 110
    - 116
  line: 23
  column: 23
  offset: 717
- token_type: DocTagPhanVar
  value:
    - 64
    - 112
    - 104
    - 97
    - 110
    - 45
    - 118
    - 97
    - 114
  line: 24
  column: 3
  offset: 724
- token_type: Type
  value:
    - 105
    - 110
    - 116
  line: 24
  column: 13
  offset: 734
- token_type: DocUnknown
  value:
    - 114
    - 101
    - 116
    - 117
    - 114
    - 110
  line: 26
  column: 4
  offset: 746
- token_type: DocUnknown
  value:
    - 98
    - 111
    - 111
    - 108
  line: 26
  column: 11
  offset: 753
- token_type: DocTagPhpstanReturn
  value:
    - 64
    - 112
    - 104
    - 112
    - 115
    - 116
    - 97
    - 110
    - 45
    - 114
    - 101
    - 116
    - 117
    - 114
    - 110
  line: 27
  column: 3
  offset: 761
- token_type: UnqualifiedName
  value:
    - 116
    - 114
    - 117
    - 101
  line: 27
  column: 19
  offset: 777
- token_type: DocUnknown
  value:
    - 112
    - 115
    - 97
    - 108
    - 109
    - 45
    - 114
    - 101
    - 116
    - 117
    - 114
    - 110
  line: 28
  column: 4
  offset: 786
- token_type: DocUnknown
  value:
    - 116
    - 114
    - 117
    - 101
  line: 28
  column: 17
  offset: 799
- token_type: DocTagPhanReturn
  value:
    - 64
    - 112
    - 104
    - 97
    - 110
    - 45
    - 114
    - 101
    - 116
    - 117
    - 114
    - 110
  line: 29
  column: 3
  offset: 807
- token_type: Type
  value:
    - 98
    - 111
    - 111
    - 108
  line: 29
  column: 16
  offset: 820
- token_type: DocUnknown
  value:
    - 112
    - 104
    - 97
    - 110
    - 45
    - 114
    - 101
    - 97
    - 108
    - 45
    - 114
    - 101
    - 116
    - 117
    - 114
    - 110
  line: 30
  column: 4
  offset: 829
- token_type: DocUnknown
  value:
    - 98
    - 111
    - 111
    - 108
  line: 30
  column: 21
  offset: 846
- token_type: DocTagThrows
  value:
    - 64
    - 116
    - 104
    - 114
    - 111
    - 119
    - 115
  line: 32
  column: 3
  offset: 858
- token_type: FullyQualifiedName
  value:
    - 92
    - 69
    - 120
    - 99
    - 101
    - 112
    - 116
    - 105
    - 111
    - 110
  line: 32
  column: 11
  offset: 866
- token_type: DocUnknown
  value:
    - 112
    - 104
    - 112
    - 115
    - 116
    - 97
    - 110
    - 45
    - 116
    - 104
    - 114
    - 111
    - 119
    - 115
  line: 33
  column: 4
  offset: 881
- token_type: DocUnknown
  value:
    - 92
    - 73
    - 110
    - 118
    - 97
    - 108
    - 105
    - 100
    - 65
    - 114
    - 103
    - 117
    - 109
    - 101
    - 110
    - 116
    - 69
    - 120
    - 99
    - 101
    - 112
    - 116
    - 105
    - 111
    - 110
  line: 33
  column: 19
  offset: 896
- token_type: DocTagMixin
  value:
    - 64
    - 109
    - 105
    - 120
    - 105
    - 110
  line: 35
  column: 3
  offset: 929
- token_type: FullyQualifiedName
  value:
    - 92
    - 77
    - 121
    - 67
    - 108
    - 97
    - 115
    - 115
  line: 35
  column: 10
  offset: 936
- token_type: DocUnknown
  value:
    - 112
    - 104
    - 97
    - 110
    - 45
    - 109
    - 105
    - 120
    - 105
    - 110
  line: 36
  column: 4
  offset: 949
- token_type: DocUnknown
  value:
    - 92
    - 77
    - 121
    - 84
    - 114
    - 97
    - 105
    - 116
  line: 36
  column: 15
  offset: 960
- token_type: DocTagPsalmRequireExtends
  value:
    - 64
    - 112
    - 115
    - 97
    - 108
    - 109
    - 45
    - 114
    - 101
    - 113
    - 117
    - 105
    - 114
    - 101
    - 45
    - 101
    - 120
    - 116
    - 101
    - 110
    - 100
    - 115
  line: 38
  column: 3
  offset: 976
- token_type: FullyQualifiedName
  value:
    - 92
    - 66
    - 97
    - 115
    - 101
    - 67
    - 108
    - 97
    - 115
    - 115
  line: 38
  column: 26
  offset: 999
- token_type: DocUnknown
  value:
    - 112
    - 104
    - 112
    - 115
    - 116
    - 97
    - 110
    - 45
    - 114
    - 101
    - 113
    - 117
    - 105
    - 114
    - 101
    - 45
    - 101
    - 120
    - 116
    - 101
    - 110
    - 100
    - 115
  line: 39
  column: 4
  offset: 1014
- token_type: DocUnknown
  value:
    - 92
    - 66
    - 97
    - 115
    - 101
    - 67
    - 108
    - 97
    - 115
    - 115
  line: 39
  column: 28
  offset: 1038
- token_type: DocTagPsalmRequireImplements
  value:
    - 64
    - 112
    - 115
    - 97
    - 108
    - 109
    - 45
    - 114
    - 101
    - 113
    - 117
    - 105
    - 114
    - 101
    - 45
    - 105
    - 109
    - 112
    - 108
    - 101
    - 109
    - 101
    - 110
    - 116
    - 115
  line: 41
  column: 3
  offset: 1056
- token_type: FullyQualifiedName
  value:
    - 92
    - 77
    - 121
    - 73
    - 110
    - 116
    - 101
    - 114
    - 102
    - 97
    - 99
    - 101
  line: 41
  column: 29
  offset: 1082
- token_type: DocUnknown
  value:
    - 112
    - 104
    - 112
    - 115
    - 116
    - 97
    - 110
    - 45
    - 114
    - 101
    - 113
    - 117
    - 105
    - 114
    - 101
    - 45
    - 105
    - 109
    - 112
    - 108
    - 101
    - 109
    - 101
    - 110
    - 116
    - 115
  line: 42
  column: 4
  offset: 1099
- token_type: DocUnknown
  value:
    - 92
    - 77
    - 121
    - 73
    - 110
    - 116
    - 101
    - 114
    - 102
    - 97
    - 99
    - 101
  line: 42
  column: 31
  offset: 1126
- token_type: DocTagDeprecated
  value:
    - 64
    - 100
    - 101
    - 112
    - 114
    - 101
    - 99
    - 97
    - 116
    - 101
    - 100
  line: 44
  column: 3
  offset: 1146
- token_type: DocUnknown
  value:
    - 85
    - 115
    - 101
  line: 44
  column: 15
  offset: 1158
- token_type: DocUnknown
  value:
    - 96
    - 110
    - 101
    - 119
    - 77
    - 101
    - 116
    - 104
    - 111
    - 100
    - 40
    - 41
    - 96
  line: 44
  column: 19
  offset: 1162
- token_type: DocUnknown
  value:
    - 105
    - 110
    - 115
    - 116
    - 101
    - 97
    - 100
    - 46
  line: 44
  column: 33
  offset: 1176
- token_type: DocTagProperty
  value:
    - 64
    - 112
    - 114
    - 111
    - 112
    - 101
    - 114
    - 116
    - 121
  line: 46
  column: 3
  offset: 1192
- token_type: Type
  value:
    - 115
    - 116
    - 114
    - 105
    - 110
    - 103
  line: 46
  column: 13
  offset: 1202
- token_type: Variable
  value:
    - 36
    - 102
    - 105
    - 114
    - 115
    - 116
    - 78
    - 97
    - 109
    - 101
  line: 46
  column: 20
  offset: 1209
- token_type: DocTagPropertyRead
  value:
    - 64
    - 112
    - 114
    - 111
    - 112
    - 101
    - 114
    - 116
    - 121
    - 45
    - 114
    - 101
    - 97
    - 100
  line: 47
  column: 3
  offset: 1223
- token_type: Type
  value:
    - 115
    - 116
    - 114
    - 105
    - 110
    - 103
  line: 47
  column: 18
  offset: 1238
- token_type: Variable
  value:
    - 36
    - 108
    - 97
    - 115
    - 116
    - 78
    - 97
    - 109
    - 101
  line: 47
  column: 25
  offset: 1245
- token_type: DocTagPropertyWrite
  value:
    - 64
    - 112
    - 114
    - 111
    - 112
    - 101
    - 114
    - 116
    - 121
    - 45
    - 119
    - 114
    - 105
    - 116
    - 101
  line: 48
  column: 3
  offset: 1258
- token_type: Type
  value:
    - 115
    - 116
    - 114
    - 105
    - 110
    - 103
  line: 48
  column: 19
  offset: 1274
- token_type: Variable
  value:
    - 36
    - 112
    - 97
    - 115
    - 115
    - 119
    - 111
    - 114
    - 100
  line: 48
  column: 26
  offset: 1281
- token_type: DocTagPhpstanProperty
  value:
    - 64
    - 112
    - 104
    - 112
    - 115
    - 116
    - 97
    - 110
    - 45
    - 112
    - 114
    - 111
    - 112
    - 101
    - 114
    - 116
    - 121
  line: 49
  column: 3
  offset: 1294
- token_type: UnqualifiedName
  value:
    - 110
    - 111
    - 110
  line: 49
  column: 21
  offset: 1312
- token_type: DocUnknown
  value:
    - 101
    - 109
    - 112
    - 116
    - 121
    - 45
    - 115
    - 116
    - 114
    - 105
    - 110
    - 103
  line: 49
  column: 25
  offset: 1316
- token_type: Variable
  value:
    - 36
    - 102
    - 105
    - 114
    - 115
    - 116
    - 78
    - 97
    - 109
    - 101
  line: 49
  column: 38
  offset: 1329
- token_type: DocTagPhpstanPropertyRead
  value:
    - 64
    - 112
    - 104
    - 112
    - 115
    - 116
    - 97
    - 110
    - 45
    - 112
    - 114
    - 111
    - 112
    - 101
    - 114
    - 116
    - 121
    - 45
    - 114
    - 101
    - 97
    - 100
  line: 50
  column: 3
  offset: 1343
- token_type: Type
  value:
    - 115
    - 116
    - 114
    - 105
    - 110
    - 103
  line: 50
  column: 26
  offset: 1366
- token_type: Variable
  value:
    - 36
    - 108
    - 97
    - 115
    - 116
    - 78
    - 97
    - 109
    - 101
  line: 50
  column: 33
  offset: 1373
- token_type: DocTagPhpstanPropertyWrite
  value:
    - 64
    - 112
    - 104
    - 112
    - 115
    - 116
    - 97
    - 110
    - 45
    - 112
    - 114
    - 111
    - 112
    - 101
    - 114
    - 116
    - 121
    - 45
    - 119
    - 114
    - 105
    - 116
    - 101
  line: 51
  column: 3
  offset: 1386
- token_type: Type
  value:
    - 115
    - 116
    - 114
    - 105
    - 110
    - 103
  line: 51
  column: 27
  offset: 1410
- token_type: Variable
  value:
    - 36
    - 112
    - 97
    - 115
    - 115
    - 119
    - 111
    - 114
    - 100
  line: 51
  column: 34
  offset: 1417
- token_type: DocTagPsalmProperty
  value:
    - 64
    - 112
    - 115
    - 97
    - 108
    - 109
    - 45
    - 112
    - 114
    - 111
    - 112
    - 101
    - 114
    - 116
    - 121
  line: 52
  column: 3
  offset: 1430
- token_type: Type
  value:
    - 115
    - 116
    - 114
    - 105
    - 110
    - 103
  line: 52
  column: 19
  offset: 1446
- token_type: Variable
  value:
    - 36
    - 109
    - 105
    - 100
    - 100
    - 108
    - 101
    - 78
    - 97
    - 109
    - 101
  line: 52
  column: 26
  offset: 1453
- token_type: DocTagPsalmPropertyRead
  value:
    - 64
    - 112
    - 115
    - 97
    - 108
    - 109
    - 45
    - 112
    - 114
    - 111
    - 112
    - 101
    - 114
    - 116
    - 121
    - 45
    - 114
    - 101
    - 97
    - 100
  line: 53
  column: 3
  offset: 1468
- token_type: Type
  value:
    - 115
    - 116
    - 114
    - 105
    - 110
    - 103
  line: 53
  column: 24
  offset: 1489
- token_type: Variable
  value:
    - 36
    - 110
    - 105
    - 99
    - 107
    - 78
    - 97
    - 109
    - 101
  line: 53
  column: 31
  offset: 1496
- token_type: DocTagPsalmPropertyWrite
  value:
    - 64
    - 112
    - 115
    - 97
    - 108
    - 109
    - 45
    - 112
    - 114
    - 111
    - 112
    - 101
    - 114
    - 116
    - 121
    - 45
    - 119
    - 114
    - 105
    - 116
    - 101
  line: 54
  column: 3
  offset: 1509
- token_type: Type
  value:
    - 115
    - 116
    - 114
    - 105
    - 110
    - 103
  line: 54
  column: 25
  offset: 1531
- token_type: Variable
  value:
    - 36
    - 101
    - 109
    - 97
    - 105
    - 108
  line: 54
  column: 32
  offset: 1538
- token_type: DocTagPhanProperty
  value:
    - 64
    - 112
    - 104
    - 97
    - 110
    - 45
    - 112
    - 114
    - 111
    - 112
    - 101
    - 114
    - 116
    - 121
  line: 55
  column: 3
  offset: 1548
- token_type: Type
  value:
    - 115
    - 116
    - 114
    - 105
    - 110
    - 103
  line: 55
  column: 18
  offset: 1563
- token_type: Variable
  value:
    - 36
    - 97
    - 100
    - 100
    - 114
    - 101
    - 115
    - 115
  line: 55
  column: 25
  offset: 1570
- token_type: DocTagPhanPropertyRead
  value:
    - 64
    - 112
    - 104
    - 97
    - 110
    - 45
    - 112
    - 114
    - 111
    - 112
    - 101
    - 114
    - 116
    - 121
    - 45
    - 114
    - 101
    - 97
    - 100
  line: 56
  column: 3
  offset: 1582
- token_type: Type
  value:
    - 115
    - 116
    - 114
    - 105
    - 110
    - 103
  line: 56
  column: 23
  offset: 1602
- token_type: Variable
  value:
    - 36
    - 99
    - 105
    - 116
    - 121
  line: 56
  column: 30
  offset: 1609
- token_type: DocTagPhanPropertyWrite
  value:
    - 64
    - 112
    - 104
    - 97
    - 110
    - 45
    - 112
    - 114
    - 111
    - 112
    - 101
    - 114
    - 116
    - 121
    - 45
    - 119
    - 114
    - 105
    - 116
    - 101
  line: 57
  column: 3
  offset: 1618
- token_type: Type
  value:
    - 115
    - 116
    - 114
    - 105
    - 110
    - 103
  line: 57
  column: 24
  offset: 1639
- token_type: Variable
  value:
    - 36
    - 112
    - 111
    - 115
    - 116
    - 97
    - 108
    - 67
    - 111
    - 100
    - 101
  line: 57
  column: 31
  offset: 1646
- token_type: DocTagMethod
  value:
    - 64
    - 109
    - 101
    - 116
    - 104
    - 111
    - 100
  line: 59
  column: 3
  offset: 1665
- token_type: DocUnknown
  value:
    - 118
    - 111
    - 105
    - 100
  line: 59
  column: 11
  offset: 1673
- token_type: DocUnknown
  value:
    - 115
    - 101
    - 116
    - 78
    - 97
    - 109
    - 101
    - 40
    - 115
    - 116
    - 114
    - 105
    - 110
    - 103
  line: 59
  column: 16
  offset: 1678
- token_type: Variable
  value:
    - 36
    - 110
    - 97
    - 109
    - 101
  line: 59
  column: 31
  offset: 1693
- token_type: DocUnknown
  value:
    - 41
  line: 59
  column: 36
  offset: 1698
- token_type: DocTagPhpstanMethod
  value:
    - 64
    - 112
    - 104
    - 112
    - 115
    - 116
    - 97
    - 110
    - 45
    - 109
    - 101
    - 116
    - 104
    - 111
    - 100
  line: 60
  column: 3
  offset: 1703
- token_type: DocUnknown
  value:
    - 118
    - 111
    - 105
    - 100
  line: 60
  column: 19
  offset: 1719
- token_type: DocUnknown
  value:
    - 115
    - 101
    - 116
    - 78
    - 97
    - 109
    - 101
    - 40
    - 110
    - 111
    - 110
    - 45
    - 101
    - 109
    - 112
    - 116
    - 121
    - 45
    - 115
    - 116
    - 114
    - 105
    - 110
    - 103
  line: 60
  column: 24
  offset: 1724
- token_type: Variable
  value:
    - 36
    - 110
    - 97
    - 109
    - 101
  line: 60
  column: 49
  offset: 1749
- token_type: DocUnknown
  value:
    - 41
  line: 60
  column: 54
  offset: 1754
- token_type: DocTagPsalmMethod
  value:
    - 64
    - 112
    - 115
    - 97
    - 108
    - 109
    - 45
    - 109
    - 101
    - 116
    - 104
    - 111
    - 100
  line: 61
  column: 3
  offset: 1759
- token_type: DocUnknown
  value:
    - 118
    - 111
    - 105
    - 100
  line: 61
  column: 17
  offset: 1773
- token_type: DocUnknown
  value:
    - 115
    - 101
    - 116
    - 78
    - 97
    - 109
    - 101
    - 40
    - 110
    - 111
    - 110
    - 45
    - 101
    - 109
    - 112
    - 116
    - 121
    - 45
    - 115
    - 116
    - 114
    - 105
    - 110
    - 103
  line: 61
  column: 22
  offset: 1778
- token_type: Variable
  value:
    - 36
    - 110
    - 97
    - 109
    - 101
  line: 61
  column: 47
  offset: 1803
- token_type: DocUnknown
  value:
    - 41
  line: 61
  column: 52
  offset: 1808
- token_type: DocTagPhanMethod
  value:
    - 64
    - 112
    - 104
    - 97
    - 110
    - 45
    - 109
    - 101
    - 116
    - 104
    - 111
    - 100
  line: 62
  column: 3
  offset: 1813
- token_type: DocUnknown
  value:
    - 118
    - 111
    - 105
    - 100
  line: 62
  column: 16
  offset: 1826
- token_type: DocUnknown
  value:
    - 115
    - 101
    - 116
    - 78
    - 97
    - 109
    - 101
    - 40
    - 115
    - 116
    - 114
    - 105
    - 110
    - 103
  line: 62
  column: 21
  offset: 1831
- token_type: Variable
  value:
    - 36
    - 110
    - 97
    - 109
    - 101
  line: 62
  column: 36
  offset: 1846
- token_type: DocUnknown
  value:
    - 41
  line: 62
  column: 41
  offset: 1851
- token_type: DocTagTemplate
  value:
    - 64
    - 116
    - 101
    - 109
    - 112
    - 108
    - 97
    - 116
    - 101
  line: 64
  column: 3
  offset: 1860
- token_type: DocUnknown
  value:
    - 84
  line: 64
  column: 13
  offset: 1870
- token_type: DocTagPhpstanTemplate
  value:
    - 64
    - 112
    - 104
    - 112
    - 115
    - 116
    - 97
    - 110
    - 45
    - 116
    - 101
    - 109
    - 112
    - 108
    - 97
    - 116
    - 101
  line: 65
  column: 3
  offset: 1875
- token_type: DocUnknown
  value:
    - 84
  line: 65
  column: 21
  offset: 1893
- token_type: DocTagPsalmTemplate
  value:
    - 64
    - 112
    - 115
    - 97
    - 108
    - 109
    - 45
    - 116
    - 101
    - 109
    - 112
    - 108
    - 97
    - 116
    - 101
  line: 66
  column: 3
  offset: 1898
- token_type: DocUnknown
  value:
    - 84
  line: 66
  column: 19
  offset: 1914
- token_type: DocTagPhanTemplate
  value:
    - 64
    - 112
    - 104
    - 97
    - 110
    - 45
    - 116
    - 101
    - 109
    - 112
    - 108
    - 97
    - 116
    - 101
  line: 67
  column: 3
  offset: 1919
- token_type: DocUnknown
  value:
    - 84
  line: 67
  column: 18
  offset: 1934
- token_type: DocTagTemplateCovariant
  value:
    - 64
    - 116
    - 101
    - 109
    - 112
    - 108
    - 97
    - 116
    - 101
    - 45
    - 99
    - 111
    - 118
    - 97
    - 114
    - 105
    - 97
    - 110
    - 116
  line: 69
  column: 3
  offset: 1943
- token_type: DocUnknown
  value:
    - 84
  line: 69
  column: 23
  offset: 1963
- token_type: DocTagPhpstanTemplateCovariant
  value:
    - 64
    - 112
    - 104
    - 112
    - 115
    - 116
    - 97
    - 110
    - 45
    - 116
    - 101
    - 109
    - 112
    - 108
    - 97
    - 116
    - 101
    - 45
    - 99
    - 111
    - 118
    - 97
    - 114
    - 105
    - 97
    - 110
    - 116
  line: 70
  column: 3
  offset: 1968
- token_type: DocUnknown
  value:
    - 84
  line: 70
  column: 31
  offset: 1996
- token_type: DocTagPsalmTemplateCovariant
  value:
    - 64
    - 112
    - 115
    - 97
    - 108
    - 109
    - 45
    - 116
    - 101
    - 109
    - 112
    - 108
    - 97
    - 116
    - 101
    - 45
    - 99
    - 111
    - 118
    - 97
    - 114
    - 105
    - 97
    - 110
    - 116
  line: 71
  column: 3
  offset: 2001
- token_type: DocUnknown
  value:
    - 84
  line: 71
  column: 29
  offset: 2027
- token_type: DocTagTemplateContravariant
  value:
    - 64
    - 116
    - 101
    - 109
    - 112
    - 108
    - 97
    - 116
    - 101
    - 45
    - 99
    - 111
    - 110
    - 116
    - 114
    - 97
    - 118
    - 97
    - 114
    - 105
    - 97
    - 110
    - 116
  line: 73
  column: 3
  offset: 2036
- token_type: DocUnknown
  value:
    - 84
  line: 73
  column: 27
  offset: 2060
- token_type: DocTagPhpstanTemplateContravariant
  value:
    - 64
    - 112
    - 104
    - 112
    - 115
    - 116
    - 97
    - 110
    - 45
    - 116
    - 101
    - 109
    - 112
    - 108
    - 97
    - 116
    - 101
    - 45
    - 99
    - 111
    - 110
    - 116
    - 114
    - 97
    - 118
    - 97
    - 114
    - 105
    - 97
    - 110
    - 116
  line: 74
  column: 3
  offset: 2065
- token_type: DocUnknown
  value:
    - 84
  line: 74
  column: 35
  offset: 2097
- token_type: DocTagPsalmTemplateContravariant
  value:
    - 64
    - 112
    - 115
    - 97
    - 108
    - 109
    - 45
    - 116
    - 101
    - 109
    - 112
    - 108
    - 97
    - 116
    - 101
    - 45
    - 99
    - 111
    - 110
    - 116
    - 114
    - 97
    - 118
    - 97
    - 114
    - 105
    - 97
    - 110
    - 116
  line: 75
  column: 3
  offset: 2102
- token_type: DocUnknown
  value:
    - 84
  line: 75
  column: 33
  offset: 2132
- token_type: DocTagExtends
  value:
    - 64
    - 101
    - 120
    - 116
    - 101
    - 110
    - 100
    - 115
  line: 77
  column: 3
  offset: 2141
- token_type: DocUnknown
  value:
    - 92
    - 66
    - 97
    - 115
    - 101
    - 67
    - 111
    - 108
    - 108
    - 101
    - 99
    - 116
    - 105
    - 111
    - 110
    - 60
    - 105
    - 110
    - 116
    - 62
  line: 77
  column: 12
  offset: 2150
- token_type: DocTagPhpstanExtends
  value:
    - 64
    - 112
    - 104
    - 112
    - 115
    - 116
    - 97
    - 110
    - 45
    - 101
    - 120
    - 116
    - 101
    - 110
    - 100
    - 115
  line: 78
  column: 3
  offset: 2174
- token_type: DocUnknown
  value:
    - 92
    - 66
    - 97
    - 115
    - 101
    - 67
    - 111
    - 108
    - 108
    - 101
    - 99
    - 116
    - 105
    - 111
    - 110
    - 60
    - 105
    - 110
    - 116
    - 62
  line: 78
  column: 20
  offset: 2191
- token_type: DocTagPhanExtends
  value:
    - 64
    - 112
    - 104
    - 97
    - 110
    - 45
    - 101
    - 120
    - 116
    - 101
    - 110
    - 100
    - 115
  line: 79
  column: 3
  offset: 2215
- token_type: DocUnknown
  value:
    - 92
    - 66
    - 97
    - 115
    - 101
    - 67
    - 111
    - 108
    - 108
    - 101
    - 99
    - 116
    - 105
    - 111
    - 110
    - 60
    - 105
    - 110
    - 116
    - 62
  line: 79
  column: 17
  offset: 2229
- token_type: DocTagPhanInherits
  value:
    - 64
    - 112
    - 104
    - 97
    - 110
    - 45
    - 105
    - 110
    - 104
    - 101
    - 114
    - 105
    - 116
    - 115
  line: 80
  column: 3
  offset: 2253
- token_type: DocUnknown
  value:
    - 92
    - 66
    - 97
    - 115
    - 101
    - 67
    - 111
    - 108
    - 108
    - 101
    - 99
    - 116
    - 105
    - 111
    - 110
  line: 80
  column: 18
  offset: 2268
- token_type: DocTagTemplateExtends
  value:
    - 64
    - 116
    - 101
    - 109
    - 112
    - 108
    - 97
    - 116
    - 101
    - 45
    - 101
    - 120
    - 116
    - 101
    - 110
    - 100
    - 115
  line: 82
  column: 3
  offset: 2291
- token_type: DocUnknown
  value:
    - 92
    - 77
    - 121
    - 76
    - 105
    - 115
    - 116
    - 60
    - 115
    - 116
    - 114
    - 105
    - 110
    - 103
    - 62
  line: 82
  column: 21
  offset: 2309
- token_type: DocTagImplements
  value:
    - 64
    - 105
    - 109
    - 112
    - 108
    - 101
    - 109
    - 101
    - 110
    - 116
    - 115
  line: 84
  column: 3
  offset: 2332
- token_type: DocUnknown
  value:
    - 92
    - 77
    - 121
    - 73
    - 110
    - 116
    - 101
    - 114
    - 102
    - 97
    - 99
    - 101
    - 60
    - 115
    - 116
    - 114
    - 105
    - 110
    - 103
    - 62
  line: 84
  column: 15
  offset: 2344
- token_type: DocTagPhpstanImplements
  value:
    - 64
    - 112
    - 104
    - 112
    - 115
    - 116
    - 97
    - 110
    - 45
    - 105
    - 109
    - 112
    - 108
    - 101
    - 109
    - 101
    - 110
    - 116
    - 115
  line: 85
  column: 3
  offset: 2368
- token_type: DocUnknown
  value:
    - 92
    - 77
    - 121
    - 73
    - 110
    - 116
    - 101
    - 114
    - 102
    - 97
    - 99
    - 101
    - 60
    - 115
    - 116
    - 114
    - 105
    - 110
    - 103
    - 62
  line: 85
  column: 23
  offset: 2388
- token_type: DocTagTemplateImplements
  value:
    - 64
    - 116
    - 101
    - 109
    - 112
    - 108
    - 97
    - 116
    - 101
    - 45
    - 105
    - 109
    - 112
    - 108
    - 101
    - 109
    - 101
    - 110
    - 116
    - 115
  line: 86
  column: 3
  offset: 2412
- token_type: DocUnknown
  value:
    - 92
    - 77
    - 121
    - 73
    - 110
    - 116
    - 101
    - 114
    - 102
    - 97
    - 99
    - 101
    - 60
    - 115
    - 116
    - 114
    - 105
    - 110
    - 103
    - 62
  line: 86
  column: 24
  offset: 2433
- token_type: DocTagUse
  value:
    - 64
    - 117
    - 115
    - 101
  line: 88
  column: 3
  offset: 2461
- token_type: DocUnknown
  value:
    - 92
    - 72
    - 101
    - 108
    - 112
    - 101
    - 114
    - 84
    - 114
    - 97
    - 105
    - 116
  line: 88
  column: 8
  offset: 2466
- token_type: DocTagPhpstanUse
  value:
    - 64
    - 112
    - 104
    - 112
    - 115
    - 116
    - 97
    - 110
    - 45
    - 117
    - 115
    - 101
  line: 89
  column: 3
  offset: 2482
- token_type: DocUnknown
  value:
    - 92
    - 72
    - 101
    - 108
    - 112
    - 101
    - 114
    - 84
    - 114
    - 97
    - 105
    - 116
    - 60
    - 115
    - 116
    - 114
    - 105
    - 110
    - 103
    - 62
  line: 89
  column: 16
  offset: 2495
- token_type: DocTagTemplateUse
  value:
    - 64
    - 116
    - 101
    - 109
    - 112
    - 108
    - 97
    - 116
    - 101
    - 45
    - 117
    - 115
    - 101
  line: 90
  column: 3
  offset: 2519
- token_type: DocUnknown
  value:
    - 92
    - 72
    - 101
    - 108
    - 112
    - 101
    - 114
    - 84
    - 114
    - 97
    - 105
    - 116
    - 60
    - 84
    - 62
  line: 90
  column: 17
  offset: 2533
- token_type: DocTagPhpstanType
  value:
    - 64
    - 112
    - 104
    - 112
    - 115
    - 116
    - 97
    - 110
    - 45
    - 116
    - 121
    - 112
    - 101
  line: 92
  column: 3
  offset: 2556
- token_type: DocUnknown
  value:
    - 77
    - 121
    - 84
    - 121
    - 112
    - 101
  line: 92
  column: 17
  offset: 2570
- token_type: DocUnknown
  value:
    - 97
    - 114
    - 114
    - 97
    - 121
    - 60
    - 115
    - 116
    - 114
    - 105
    - 110
    - 103
    - 44
  line: 92
  column: 24
  offset: 2577
- token_type: DocUnknown
  value:
    - 109
    - 105
    - 120
    - 101
    - 100
    - 62
  line: 92
  column: 38
  offset: 2591
- token_type: DocTagPsalmType
  value:
    - 64
    - 112
    - 115
    - 97
    - 108
    - 109
    - 45
    - 116
    - 121
    - 112
    - 101
  line: 93
  column: 3
  offset: 2601
- token_type: DocUnknown
  value:
    - 77
    - 121
    - 84
    - 121
    - 112
    - 101
  line: 93
  column: 15
  offset: 2613
- token_type: DocUnknown
  value:
    - 97
    - 114
    - 114
    - 97
    - 121
    - 60
    - 115
    - 116
    - 114
    - 105
    - 110
    - 103
    - 44
  line: 93
  column: 22
  offset: 2620
- token_type: DocUnknown
  value:
    - 109
    - 105
    - 120
    - 101
    - 100
    - 62
  line: 93
  column: 36
  offset: 2634
- token_type: DocTagPhanType
  value:
    - 64
    - 112
    - 104
    - 97
    - 110
    - 45
    - 116
    - 121
    - 112
    - 101
  line: 94
  column: 3
  offset: 2644
- token_type: DocUnknown
  value:
    - 77
    - 121
    - 84
    - 121
    - 112
    - 101
  line: 94
  column: 14
  offset: 2655
- token_type: DocUnknown
  value:
    - 97
    - 114
    - 114
    - 97
    - 121
    - 60
    - 115
    - 116
    - 114
    - 105
    - 110
    - 103
    - 44
  line: 94
  column: 21
  offset: 2662
- token_type: DocUnknown
  value:
    - 109
    - 105
    - 120
    - 101
    - 100
    - 62
  line: 94
  column: 35
  offset: 2676
- token_type: DocTagPhpstanImportType
  value:
    - 64
    - 112
    - 104
    - 112
    - 115
    - 116
    - 97
    - 110
    - 45
    - 105
    - 109
    - 112
    - 111
    - 114
    - 116
    - 45
    - 116
    - 121
    - 112
    - 101
  line: 96
  column: 3
  offset: 2690
- token_type: DocUnknown
  value:
    - 73
    - 109
    - 112
    - 111
    - 114
    - 116
    - 101
    - 100
    - 84
    - 121
    - 112
    - 101
  line: 96
  column: 24
  offset: 2711
- token_type: DocUnknown
  value:
    - 102
    - 114
    - 111
    - 109
  line: 96
  column: 37
  offset: 2724
- token_type: DocUnknown
  value:
    - 92
    - 65
    - 110
    - 111
    - 116
    - 104
    - 101
    - 114
    - 67
    - 108
    - 97
    - 115
    - 115
  line: 96
  column: 42
  offset: 2729
- token_type: DocTagPsalmImportType
  value:
    - 64
    - 112
    - 115
    - 97
    - 108
    - 109
    - 45
    - 105
    - 109
    - 112
    - 111
    - 114
    - 116
    - 45
    - 116
    - 121
    - 112
    - 101
  line: 97
  column: 3
  offset: 2746
- token_type: DocUnknown
  value:
    - 73
    - 109
    - 112
    - 111
    - 114
    - 116
    - 101
    - 100
    - 84
    - 121
    - 112
    - 101
  line: 97
  column: 22
  offset: 2765
- token_type: DocUnknown
  value:
    - 102
    - 114
    - 111
    - 109
  line: 97
  column: 35
  offset: 2778
- token_type: DocUnknown
  value:
    - 92
    - 65
    - 110
    - 111
    - 116
    - 104
    - 101
    - 114
    - 67
    - 108
    - 97
    - 115
    - 115
  line: 97
  column: 40
  offset: 2783
- token_type: DocTagPhpstanAssert
  value:
    - 64
    - 112
    - 104
    - 112
    - 115
    - 116
    - 97
    - 110
    - 45
    - 97
    - 115
    - 115
    - 101
    - 114
    - 116
  line: 99
  column: 3
  offset: 2804
- token_type: DocUnknown
  value:
    - 97
    - 114
    - 114
    - 97
    - 121
  line: 99
  column: 19
  offset: 2820
- token_type: Variable
  value:
    - 36
    - 100
    - 97
    - 116
    - 97
  line: 99
  column: 25
  offset: 2826
- token_type: DocTagPhpstanAssertIfTrue
  value:
    - 64
    - 112
    - 104
    - 112
    - 115
    - 116
    - 97
    - 110
    - 45
    - 97
    - 115
    - 115
    - 101
    - 114
    - 116
    - 45
    - 105
    - 102
    - 45
    - 116
    - 114
    - 117
    - 101
  line: 100
  column: 3
  offset: 2835
- token_type: DocUnknown
  value:
    - 110
    - 111
    - 110
    - 45
    - 101
    - 109
    - 112
    - 116
    - 121
    - 45
    - 97
    - 114
    - 114
    - 97
    - 121
  line: 100
  column: 27
  offset: 2859
- token_type: Variable
  value:
    - 36
    - 100
    - 97
    - 116
    - 97
  line: 100
  column: 43
  offset: 2875
- token_type: DocTagPhpstanAssertIfFalse
  value:
    - 64
    - 112
    - 104
    - 112
    - 115
    - 116
    - 97
    - 110
    - 45
    - 97
    - 115
    - 115
    - 101
    - 114
    - 116
    - 45
    - 105
    - 102
    - 45
    - 102
    - 97
    - 108
    - 115
    - 101
  line: 101
  column: 3
  offset: 2884
- token_type: DocUnknown
  value:
    - 101
    - 109
    - 112
    - 116
    - 121
    - 45
    - 97
    - 114
    - 114
    - 97
    - 121
  line: 101
  column: 28
  offset: 2909
- token_type: Variable
  value:
    - 36
    - 100
    - 97
    - 116
    - 97
  line: 101
  column: 40
  offset: 2921
- token_type: DocTagPsalmAssert
  value:
    - 64
    - 112
    - 115
    - 97
    - 108
    - 109
    - 45
    - 97
    - 115
    - 115
    - 101
    - 114
    - 116
  line: 102
  column: 3
  offset: 2930
- token_type: DocUnknown
  value:
    - 115
    - 116
    - 114
    - 105
    - 110
    - 103
  line: 102
  column: 17
  offset: 2944
- token_type: Variable
  value:
    - 36
    - 110
    - 97
    - 109
    - 101
  line: 102
  column: 24
  offset: 2951
- token_type: DocTagPsalmAssertIfTrue
  value:
    - 64
    - 112
    - 115
    - 97
    - 108
    - 109
    - 45
    - 97
    - 115
    - 115
    - 101
    - 114
    - 116
    - 45
    - 105
    - 102
    - 45
    - 116
    - 114
    - 117
    - 101
  line: 103
  column: 3
  offset: 2960
- token_type: DocUnknown
  value:
    - 110
    - 111
    - 110
    - 45
    - 101
    - 109
    - 112
    - 116
    - 121
    - 45
    - 115
    - 116
    - 114
    - 105
    - 110
    - 103
  line: 103
  column: 25
  offset: 2982
- token_type: Variable
  value:
    - 36
    - 110
    - 97
    - 109
    - 101
  line: 103
  column: 42
  offset: 2999
- token_type: DocTagPsalmAssertIfFalse
  value:
    - 64
    - 112
    - 115
    - 97
    - 108
    - 109
    - 45
    - 97
    - 115
    - 115
    - 101
    - 114
    - 116
    - 45
    - 105
    - 102
    - 45
    - 102
    - 97
    - 108
    - 115
    - 101
  line: 104
  column: 3
  offset: 3008
- token_type: DocUnknown
  value:
    - 101
    - 109
    - 112
    - 116
    - 121
    - 45
    - 115
    - 116
    - 114
    - 105
    - 110
    - 103
  line: 104
  column: 26
  offset: 3031
- token_type: Variable
  value:
    - 36
    - 110
    - 97
    - 109
    - 101
  line: 104
  column: 39
  offset: 3044
- token_type: DocTagPhanAssert
  value:
    - 64
    - 112
    - 104
    - 97
    - 110
    - 45
    - 97
    - 115
    - 115
    - 101
    - 114
    - 116
  line: 105
  column: 3
  offset: 3053
- token_type: DocUnknown
  value:
    - 115
    - 116
    - 114
    - 105
    - 110
    - 103
  line: 105
  column: 16
  offset: 3066
- token_type: Variable
  value:
    - 36
    - 97
    - 100
    - 100
    - 114
    - 101
    - 115
    - 115
  line: 105
  column: 23
  offset: 3073
- token_type: DocTagPhanAssertIfTrue
  value:
    - 64
    - 112
    - 104
    - 97
    - 110
    - 45
    - 97
    - 115
    - 115
    - 101
    - 114
    - 116
    - 45
    - 105
    - 102
    - 45
    - 116
    - 114
    - 117
    - 101
  line: 106
  column: 3
  offset: 3085
- token_type: DocUnknown
  value:
    - 110
    - 111
    - 110
    - 45
    - 101
    - 109
    - 112
    - 116
    - 121
    - 45
    - 115
    - 116
    - 114
    - 105
    - 110
    - 103
  line: 106
  column: 24
  offset: 3106
- token_type: Variable
  value:
    - 36
    - 97
    - 100
    - 100
    - 114
    - 101
    - 115
    - 115
  line: 106
  column: 41
  offset: 3123
- token_type: DocTagPhanAssertIfFalse
  value:
    - 64
    - 112
    - 104
    - 97
    - 110
    - 45
    - 97
    - 115
    - 115
    - 101
    - 114
    - 116
    - 45
    - 105
    - 102
    - 45
    - 102
    - 97
    - 108
    - 115
    - 101
  line: 107
  column: 3
  offset: 3135
- token_type: DocUnknown
  value:
    - 101
    - 109
    - 112
    - 116
    - 121
    - 45
    - 115
    - 116
    - 114
    - 105
    - 110
    - 103
  line: 107
  column: 25
  offset: 3157
- token_type: Variable
  value:
    - 36
    - 97
    - 100
    - 100
    - 114
    - 101
    - 115
    - 115
  line: 107
  column: 38
  offset: 3170
- token_type: DocTagPhpstanThisOut
  value:
    - 64
    - 112
    - 104
    - 112
    - 115
    - 116
    - 97
    - 110
    - 45
    - 116
    - 104
    - 105
    - 115
    - 45
    - 111
    - 117
    - 116
  line: 109
  column: 3
  offset: 3186
- token_type: DocUnknown
  value:
    - 115
    - 101
    - 108
    - 102
  line: 109
  column: 21
  offset: 3204
- token_type: DocTagPhpstanSelfOut
  value:
    - 64
    - 112
    - 104
    - 112
    - 115
    - 116
    - 97
    - 110
    - 45
    - 115
    - 101
    - 108
    - 102
    - 45
    - 111
    - 117
    - 116
  line: 110
  column: 3
  offset: 3212
- token_type: DocUnknown
  value:
    - 92
    - 77
    - 121
    - 67
    - 108
    - 97
    - 115
    - 115
  line: 110
  column: 21
  offset: 3230
- token_type: DocTagPsalmThisOut
  value:
    - 64
    - 112
    - 115
    - 97
    - 108
    - 109
    - 45
    - 116
    - 104
    - 105
    - 115
    - 45
    - 111
    - 117
    - 116
  line: 111
  column: 3
  offset: 3242
- token_type: DocUnknown
  value:
    - 115
    - 101
    - 108
    - 102
  line: 111
  column: 19
  offset: 3258
- token_type: DocTagPsalmSelfOut
  value:
    - 64
    - 112
    - 115
    - 97
    - 108
    - 109
    - 45
    - 115
    - 101
    - 108
    - 102
    - 45
    - 111
    - 117
    - 116
  line: 112
  column: 3
  offset: 3266
- token_type: DocUnknown
  value:
    - 92
    - 77
    - 121
    - 67
    - 108
    - 97
    - 115
    - 115
  line: 112
  column: 19
  offset: 3282
- token_type: DocTagParamOut
  value:
    - 64
    - 112
    - 97
    - 114
    - 97
    - 109
    - 45
    - 111
    - 117
    - 116
  line: 114
  column: 3
  offset: 3298
- token_type: DocUnknown
  value:
    - 115
    - 116
    - 114
    - 105
    - 110
    - 103
  line: 114
  column: 14
  offset: 3309
- token_type: Variable
  value:
    - 36
    - 114
    - 101
    - 115
    - 117
    - 108
    - 116
  line: 114
  column: 21
  offset: 3316
- token_type: DocTagPhpstanParamOut
  value:
    - 64
    - 112
    - 104
    - 112
    - 115
    - 116
    - 97
    - 110
    - 45
    - 112
    - 97
    - 114
    - 97
    - 109
    - 45
    - 111
    - 117
    - 116
  line: 115
  column: 3
  offset: 3327
- token_type: DocUnknown
  value:
    - 110
    - 111
    - 110
    - 45
    - 101
    - 109
    - 112
    - 116
    - 121
    - 45
    - 115
    - 116
    - 114
    - 105
    - 110
    - 103
  line: 115
  column: 22
  offset: 3346
- token_type: Variable
  value:
    - 36
    - 114
    - 101
    - 115
    - 117
    - 108
    - 116
  line: 115
  column: 39
  offset: 3363
- token_type: DocTagPsalmParamOut
  value:
    - 64
    - 112
    - 115
    - 97
    - 108
    - 109
    - 45
    - 112
    - 97
    - 114
    - 97
    - 109
    - 45
    - 111
    - 117
    - 116
  line: 116
  column: 3
  offset: 3374
- token_type: DocUnknown
  value:
    - 110
    - 111
    - 110
    - 45
    - 101
    - 109
    - 112
    - 116
    - 121
    - 45
    - 115
    - 116
    - 114
    - 105
    - 110
    - 103
  line: 116
  column: 20
  offset: 3391
- token_type: Variable
  value:
    - 36
    - 114
    - 101
    - 115
    - 117
    - 108
    - 116
  line: 116
  column: 37
  offset: 3408
- token_type: CommentDocClose
  value:
    - 42
    - 47
  line: 116
  column: 44
  offset: 3415
- token_type: Function
  value:
    - 102
    - 117
    - 110
    - 99
    - 116
    - 105
    - 111
    - 110
  line: 118
  column: 0
  offset: 3420
- token_type: UnqualifiedName
  value:
    - 101
    - 120
    - 97
    - 109
    - 112
    - 108
    - 101
  line: 118
  column: 9
  offset: 3429
- token_type: LeftParenthesis
  value:
    - 40
  line: 118
  column: 16
  offset: 3436
- token_type: RightParenthesis
  value:
    - 41
  line: 118
  column: 17
  offset: 3437
- token_type: Colon
  value:
    - 58
  line: 118
  column: 18
  offset: 3438
- token_type: Type
  value:
    - 118
    - 111
    - 105
    - 100
  line: 118
  column: 20
  offset: 3440
- token_type: LeftCurlyBracket
  value:
    - 123
  line: 118
  column: 25
  offset: 3445
- token_type: RightCurlyBracket
  value:
    - 125
  line: 118
  column: 26
  offset: 3446
