---
source: crates/backyard-lexer/tests/inline.rs
assertion_line: 24
expression: tokens
snapshot_kind: text
---
- token_type: Inline
  value: "<div>"
  line: 1
  column: 0
  offset: 0
- token_type: Echo
  value: echo
  line: 1
  column: 0
  offset: 0
- token_type: Variable
  value: a
  line: 1
  column: 9
  offset: 9
- token_type: Inline
  value: "</div>"
  line: 1
  column: 12
  offset: 12
