---
source: crates/backyard-lexer/tests/keywords.rs
expression: tokens
snapshot_kind: text
---
- token_type: Public
  value:
    - 112
    - 117
    - 98
    - 108
    - 105
    - 99
  line: 1
  column: 0
  offset: 0
- token_type: PublicGet
  value:
    - 112
    - 117
    - 98
    - 108
    - 105
    - 99
    - 40
    - 103
    - 101
    - 116
    - 41
  line: 1
  column: 7
  offset: 7
- token_type: PublicSet
  value:
    - 112
    - 117
    - 98
    - 108
    - 105
    - 99
    - 40
    - 115
    - 101
    - 116
    - 41
  line: 1
  column: 19
  offset: 19
