---
source: crates/backyard-lexer/tests/lexer.rs
expression: tokens
snapshot_kind: text
---
- token_type: Variable
  value: a
  line: 1
  column: 0
  offset: 0
- token_type: Assignment
  value: "="
  line: 1
  column: 3
  offset: 3
- token_type: BooleanNegate
  value: "~"
  line: 1
  column: 5
  offset: 5
- token_type: "False"
  value: "false"
  line: 1
  column: 6
  offset: 6
- token_type: Semicolon
  value: ;
  line: 1
  column: 11
  offset: 11
