---
source: crates/backyard-lexer/tests/lexer.rs
expression: tokens
snapshot_kind: text
---
- token_type: Variable
  value:
    - 97
  line: 1
  column: 0
  offset: 0
- token_type: BitwiseShiftRightAssignment
  value:
    - 62
    - 62
    - 61
  line: 1
  column: 3
  offset: 3
- token_type: Variable
  value:
    - 98
  line: 1
  column: 7
  offset: 7
- token_type: IsGreaterOrEqual
  value:
    - 62
    - 61
  line: 1
  column: 10
  offset: 10
- token_type: Variable
  value:
    - 99
  line: 1
  column: 13
  offset: 13
- token_type: BitwiseShiftRight
  value:
    - 62
    - 62
  line: 1
  column: 16
  offset: 16
- token_type: Variable
  value:
    - 100
  line: 1
  column: 19
  offset: 19
- token_type: IsGreater
  value:
    - 62
  line: 1
  column: 22
  offset: 22
- token_type: Variable
  value:
    - 101
  line: 1
  column: 24
  offset: 24
- token_type: Semicolon
  value:
    - 59
  line: 1
  column: 26
  offset: 26
