---
source: crates/backyard-lexer/tests/lexer.rs
expression: tokens
snapshot_kind: text
---
- token_type: Variable
  value: a
  line: 1
  column: 6
  offset: 6
- token_type: CoalesceAssignment
  value: "??="
  line: 1
  column: 9
  offset: 9
- token_type: LeftParenthesis
  value: (
  line: 1
  column: 13
  offset: 13
- token_type: Variable
  value: b
  line: 1
  column: 14
  offset: 14
- token_type: Coalesce
  value: "??"
  line: 1
  column: 17
  offset: 17
- token_type: Variable
  value: c
  line: 1
  column: 20
  offset: 20
- token_type: RightParenthesis
  value: )
  line: 1
  column: 22
  offset: 22
- token_type: QuestionMark
  value: "?"
  line: 1
  column: 24
  offset: 24
- token_type: LeftParenthesis
  value: (
  line: 1
  column: 26
  offset: 26
- token_type: Variable
  value: d
  line: 1
  column: 27
  offset: 27
- token_type: Elvis
  value: "?:"
  line: 1
  column: 30
  offset: 30
- token_type: Variable
  value: e
  line: 1
  column: 33
  offset: 33
- token_type: RightParenthesis
  value: )
  line: 1
  column: 35
  offset: 35
- token_type: Colon
  value: ":"
  line: 1
  column: 37
  offset: 37
- token_type: Variable
  value: f
  line: 1
  column: 39
  offset: 39
- token_type: NullsafeObjectAccess
  value: "?->"
  line: 1
  column: 41
  offset: 41
- token_type: Identifier
  value: g
  line: 1
  column: 44
  offset: 44
- token_type: Semicolon
  value: ;
  line: 1
  column: 45
  offset: 45
- token_type: Inline
  value: ">>>"
  line: 1
  column: 47
  offset: 47
