---
source: crates/backyard-lexer/tests/lexer.rs
expression: tokens
snapshot_kind: text
---
- token_type: Variable
  value:
    - 97
  line: 1
  column: 0
  offset: 0
- token_type: Assignment
  value:
    - 61
  line: 1
  column: 3
  offset: 3
- token_type: Variable
  value:
    - 98
  line: 1
  column: 5
  offset: 5
- token_type: IsNotIdentical
  value:
    - 33
    - 61
    - 61
  line: 1
  column: 8
  offset: 8
- token_type: Variable
  value:
    - 99
  line: 1
  column: 12
  offset: 12
- token_type: IsNotEqual
  value:
    - 33
    - 61
  line: 1
  column: 15
  offset: 15
- token_type: BooleanNegate
  value:
    - 33
  line: 1
  column: 18
  offset: 18
- token_type: BooleanNegate
  value:
    - 33
  line: 1
  column: 20
  offset: 19
- token_type: Variable
  value:
    - 100
  line: 1
  column: 21
  offset: 20
- token_type: Semicolon
  value:
    - 59
  line: 1
  column: 23
  offset: 22
