---
source: crates/backyard-lexer/tests/lexer.rs
expression: tokens
snapshot_kind: text
---
- token_type: Variable
  value: a
  line: 1
  column: 0
  offset: 0
- token_type: Assignment
  value: "="
  line: 1
  column: 3
  offset: 3
- token_type: AtSign
  value: "@"
  line: 1
  column: 5
  offset: 5
- token_type: This
  value: this
  line: 1
  column: 6
  offset: 6
- token_type: LeftParenthesis
  value: (
  line: 1
  column: 11
  offset: 11
- token_type: RightParenthesis
  value: )
  line: 1
  column: 12
  offset: 12
- token_type: Semicolon
  value: ;
  line: 1
  column: 13
  offset: 13
