---
source: crates/backyard-lexer/tests/string.rs
expression: tokens
snapshot_kind: text
---
- token_type: String
  value:
    - 34
    - 116
    - 101
    - 115
    - 116
    - 32
    - 92
    - 34
    - 32
    - 115
    - 116
    - 105
    - 108
    - 108
    - 34
  line: 1
  column: 0
  offset: 0
