---
source: crates/backyard-lexer/tests/string.rs
expression: tokens
snapshot_kind: text
---
- token_type: NowDocOpen
  value:
    - 84
    - 69
    - 83
    - 84
  line: 1
  column: 0
  offset: 0
- token_type: EncapsedString
  value:
    - 10
    - 116
    - 101
    - 115
    - 116
  line: 1
  column: 14
  offset: 14
- token_type: NowDocClose
  value:
    - 84
    - 69
    - 83
    - 84
  line: 3
  column: 3
  offset: 23
- token_type: Semicolon
  value:
    - 59
  line: 3
  column: 4
  offset: 24
