---
source: crates/backyard-parser/tests/property.rs
assertion_line: 11
expression: asts
snapshot_kind: text
---
node_type: program
children:
  - node_type: class
    inheritance: ~
    name:
      node_type: identifier
      name: A
      loc:
        start:
          line: 1
          column: 6
          offset: 6
        end:
          line: 1
          column: 7
          offset: 7
      leadings: []
      trailings: []
    extends: ~
    implements: []
    body:
      node_type: block
      statements:
        - node_type: property
          visibilities:
            - Protected
            - PublicGet
          modifier: Static
          items:
            - node_type: property_item
              name:
                node_type: identifier
                name: a
                loc:
                  start:
                    line: 2
                    column: 33
                    offset: 48
                  end:
                    line: 2
                    column: 34
                    offset: 49
                leadings: []
                trailings: []
              variable_type:
                node_type: type
                is_nullable: true
                name: A
                loc:
                  start:
                    line: 2
                    column: 30
                    offset: 45
                  end:
                    line: 2
                    column: 32
                    offset: 47
                leadings: []
                trailings: []
              value:
                node_type: number
                value: "4"
                loc:
                  start:
                    line: 2
                    column: 38
                    offset: 53
                  end:
                    line: 2
                    column: 38
                    offset: 53
                leadings: []
                trailings: []
              loc:
                start:
                  line: 2
                  column: 33
                  offset: 48
                end:
                  line: 2
                  column: 38
                  offset: 53
              leadings: []
              trailings: []
          loc:
            start:
              line: 2
              column: 2
              offset: 12
            end:
              line: 2
              column: 39
              offset: 54
          leadings: []
          trailings: []
        - node_type: property
          visibilities:
            - Public
          modifier: Readonly
          items:
            - node_type: property_item
              name:
                node_type: identifier
                name: b
                loc:
                  start:
                    line: 3
                    column: 34
                    offset: 90
                  end:
                    line: 3
                    column: 35
                    offset: 91
                leadings: []
                trailings: []
              variable_type:
                node_type: union_type
                types:
                  - node_type: type
                    is_nullable: false
                    name: A
                    loc:
                      start:
                        line: 3
                        column: 18
                        offset: 74
                      end:
                        line: 3
                        column: 19
                        offset: 75
                    leadings: []
                    trailings: []
                  - node_type: type
                    is_nullable: false
                    name: callable
                    loc:
                      start:
                        line: 3
                        column: 20
                        offset: 76
                      end:
                        line: 3
                        column: 28
                        offset: 84
                    leadings: []
                    trailings: []
                  - node_type: type
                    is_nullable: false
                    name: "null"
                    loc:
                      start:
                        line: 3
                        column: 29
                        offset: 85
                      end:
                        line: 3
                        column: 33
                        offset: 89
                    leadings: []
                    trailings: []
                loc:
                  start:
                    line: 3
                    column: 19
                    offset: 75
                  end:
                    line: 3
                    column: 33
                    offset: 89
                leadings: []
                trailings: []
              value:
                node_type: number
                value: "4"
                loc:
                  start:
                    line: 3
                    column: 39
                    offset: 95
                  end:
                    line: 3
                    column: 39
                    offset: 95
                leadings: []
                trailings: []
              loc:
                start:
                  line: 3
                  column: 34
                  offset: 90
                end:
                  line: 3
                  column: 39
                  offset: 95
              leadings: []
              trailings: []
          loc:
            start:
              line: 3
              column: 2
              offset: 58
            end:
              line: 3
              column: 40
              offset: 96
          leadings: []
          trailings: []
      loc:
        start:
          line: 1
          column: 8
          offset: 8
        end:
          line: 4
          column: 0
          offset: 98
      leadings: []
      trailings: []
    is_readonly: false
    loc:
      start:
        line: 1
        column: 0
        offset: 0
      end:
        line: 4
        column: 0
        offset: 98
    leadings: []
    trailings: []
loc:
  start:
    line: 1
    column: 0
    offset: 0
  end:
    line: 4
    column: 0
    offset: 98
leadings: []
trailings: []
