---
source: crates/backyard-parser/tests/property.rs
assertion_line: 12
expression: asts
snapshot_kind: text
---
node_type: program
children:
  - node_type: class
    inheritance: ~
    name:
      node_type: identifier
      name: A
      loc:
        start:
          line: 1
          column: 6
          offset: 6
        end:
          line: 1
          column: 7
          offset: 7
      leadings: []
      trailings: []
    extends: ~
    implements: []
    body:
      node_type: block
      statements:
        - node_type: property
          visibilities:
            - Protected
            - PublicGet
          modifier: Static
          hooks: []
          items:
            - node_type: property_item
              name:
                node_type: identifier
                name: a
                loc:
                  start:
                    line: 2
                    column: 38
                    offset: 48
                  end:
                    line: 2
                    column: 39
                    offset: 49
                leadings: []
                trailings: []
              variable_type:
                node_type: type
                is_nullable: true
                name: A
                loc:
                  start:
                    line: 2
                    column: 35
                    offset: 45
                  end:
                    line: 2
                    column: 37
                    offset: 47
                leadings: []
                trailings: []
              value:
                node_type: number
                value: "4"
                loc:
                  start:
                    line: 2
                    column: 43
                    offset: 53
                  end:
                    line: 2
                    column: 43
                    offset: 53
                leadings: []
                trailings: []
              loc:
                start:
                  line: 2
                  column: 38
                  offset: 48
                end:
                  line: 2
                  column: 43
                  offset: 53
              leadings: []
              trailings: []
          loc:
            start:
              line: 2
              column: 2
              offset: 12
            end:
              line: 2
              column: 43
              offset: 53
          leadings: []
          trailings: []
        - node_type: property
          visibilities:
            - Public
          modifier: Readonly
          hooks: []
          items:
            - node_type: property_item
              name:
                node_type: identifier
                name: b
                loc:
                  start:
                    line: 3
                    column: 34
                    offset: 90
                  end:
                    line: 3
                    column: 35
                    offset: 91
                leadings: []
                trailings: []
              variable_type:
                node_type: union_type
                types:
                  - node_type: type
                    is_nullable: false
                    name: A
                    loc:
                      start:
                        line: 3
                        column: 18
                        offset: 74
                      end:
                        line: 3
                        column: 19
                        offset: 75
                    leadings: []
                    trailings: []
                  - node_type: type
                    is_nullable: false
                    name: callable
                    loc:
                      start:
                        line: 3
                        column: 20
                        offset: 76
                      end:
                        line: 3
                        column: 28
                        offset: 84
                    leadings: []
                    trailings: []
                  - node_type: type
                    is_nullable: false
                    name: "null"
                    loc:
                      start:
                        line: 3
                        column: 29
                        offset: 85
                      end:
                        line: 3
                        column: 33
                        offset: 89
                    leadings: []
                    trailings: []
                loc:
                  start:
                    line: 3
                    column: 18
                    offset: 74
                  end:
                    line: 3
                    column: 33
                    offset: 89
                leadings: []
                trailings: []
              value:
                node_type: number
                value: "4"
                loc:
                  start:
                    line: 3
                    column: 39
                    offset: 95
                  end:
                    line: 3
                    column: 39
                    offset: 95
                leadings: []
                trailings: []
              loc:
                start:
                  line: 3
                  column: 34
                  offset: 90
                end:
                  line: 3
                  column: 39
                  offset: 95
              leadings: []
              trailings: []
            - node_type: property_item
              name:
                node_type: identifier
                name: c
                loc:
                  start:
                    line: 3
                    column: 42
                    offset: 98
                  end:
                    line: 3
                    column: 43
                    offset: 99
                leadings: []
                trailings: []
              variable_type: ~
              value:
                node_type: number
                value: "6"
                loc:
                  start:
                    line: 3
                    column: 47
                    offset: 103
                  end:
                    line: 3
                    column: 47
                    offset: 103
                leadings: []
                trailings: []
              loc:
                start:
                  line: 3
                  column: 42
                  offset: 98
                end:
                  line: 3
                  column: 47
                  offset: 103
              leadings: []
              trailings: []
          loc:
            start:
              line: 3
              column: 2
              offset: 58
            end:
              line: 3
              column: 48
              offset: 104
          leadings: []
          trailings: []
        - node_type: property
          visibilities:
            - Public
          modifier: ~
          hooks:
            - node_type: property_hook
              is_get: true
              is_ref: true
              parameters: []
              body:
                node_type: block
                statements:
                  - node_type: return
                    statement:
                      node_type: variable
                      name:
                        node_type: identifier
                        name: e
                        loc:
                          start:
                            line: 4
                            column: 35
                            offset: 141
                          end:
                            line: 4
                            column: 36
                            offset: 142
                        leadings: []
                        trailings: []
                      loc:
                        start:
                          line: 4
                          column: 35
                          offset: 141
                        end:
                          line: 4
                          column: 36
                          offset: 142
                      leadings: []
                      trailings: []
                    loc:
                      start:
                        line: 4
                        column: 28
                        offset: 134
                      end:
                        line: 4
                        column: 35
                        offset: 141
                    leadings: []
                    trailings: []
                loc:
                  start:
                    line: 4
                    column: 26
                    offset: 132
                  end:
                    line: 4
                    column: 39
                    offset: 145
                leadings: []
                trailings: []
              loc:
                start:
                  line: 4
                  column: 21
                  offset: 127
                end:
                  line: 4
                  column: 39
                  offset: 145
              leadings: []
              trailings: []
            - node_type: property_hook
              is_get: false
              is_ref: false
              parameters:
                - node_type: parameter
                  variable_type:
                    node_type: intersection_type
                    types:
                      - node_type: type
                        is_nullable: false
                        name: int
                        loc:
                          start:
                            line: 4
                            column: 45
                            offset: 151
                          end:
                            line: 4
                            column: 48
                            offset: 154
                        leadings: []
                        trailings: []
                    loc:
                      start:
                        line: 4
                        column: 45
                        offset: 151
                      end:
                        line: 4
                        column: 48
                        offset: 154
                    leadings: []
                    trailings: []
                  is_ref: true
                  is_ellipsis: true
                  name:
                    node_type: identifier
                    name: i
                    loc:
                      start:
                        line: 4
                        column: 53
                        offset: 159
                      end:
                        line: 4
                        column: 54
                        offset: 160
                    leadings: []
                    trailings: []
                  value: ~
                  loc:
                    start:
                      line: 4
                      column: 45
                      offset: 151
                    end:
                      line: 4
                      column: 53
                      offset: 159
                  leadings: []
                  trailings: []
              body:
                node_type: variable
                name:
                  node_type: identifier
                  name: f
                  loc:
                    start:
                      line: 4
                      column: 60
                      offset: 166
                    end:
                      line: 4
                      column: 61
                      offset: 167
                  leadings: []
                  trailings: []
                loc:
                  start:
                    line: 4
                    column: 60
                    offset: 166
                  end:
                    line: 4
                    column: 61
                    offset: 167
                leadings: []
                trailings: []
              loc:
                start:
                  line: 4
                  column: 41
                  offset: 147
                end:
                  line: 4
                  column: 62
                  offset: 168
              leadings: []
              trailings: []
          items:
            - node_type: property_item
              name:
                node_type: identifier
                name: d
                loc:
                  start:
                    line: 4
                    column: 16
                    offset: 122
                  end:
                    line: 4
                    column: 17
                    offset: 123
                leadings: []
                trailings: []
              variable_type:
                node_type: type
                is_nullable: false
                name: string
                loc:
                  start:
                    line: 4
                    column: 9
                    offset: 115
                  end:
                    line: 4
                    column: 15
                    offset: 121
                leadings: []
                trailings: []
              value: ~
              loc:
                start:
                  line: 4
                  column: 16
                  offset: 122
                end:
                  line: 4
                  column: 16
                  offset: 122
              leadings: []
              trailings: []
          loc:
            start:
              line: 4
              column: 2
              offset: 108
            end:
              line: 4
              column: 64
              offset: 170
          leadings: []
          trailings: []
      loc:
        start:
          line: 1
          column: 8
          offset: 8
        end:
          line: 5
          column: 0
          offset: 173
      leadings: []
      trailings: []
    is_readonly: false
    loc:
      start:
        line: 1
        column: 0
        offset: 0
      end:
        line: 5
        column: 0
        offset: 173
    leadings: []
    trailings: []
loc:
  start:
    line: 1
    column: 0
    offset: 0
  end:
    line: 5
    column: 0
    offset: 173
leadings: []
trailings: []
